Call was successful!
Call was successful!
Call was successful!
Call was successful!
Call was successful!
Call was successful!
Call was successful!
Call was successful!
Call was successful!
Call was successful!
Call was successful!
Call was successful!
Call was successful!
Call was successful!
Call was successful!
Call was successful!
Call was successful!
Call was successful!
Call was successful!
Call was successful!
Call was successful!
Call was successful!
Call was successful!
Call was successful!
Call was successful!
Call was successful!
Call was successful!
Call was successful!
Call was successful!
Call was successful!
Call was successful!
Call was successful!
Call was successful!
Call was successful!
Call was successful!
Call was successful!
Call was successful!
Call was successful!
Call was successful!
Call was successful!
Call was successful!
Call was successful!
Call was successful!
Call was successful!
Call was successful!
Call was successful!
Call was successful!
Call was successful!
Call was successful!
Call was successful!
Call was successful!
Call was successful!
Call was successful!
Call was successful!
Call was successful!
Call was successful!
Call was successful!
Call was successful!
Call was successful!
Call was successful!
Call was successful!
Call was successful!
Call was successful!
Call was successful!
Call was successful!
Call was successful!
Call was successful!
Call was successful!
Call was successful!
Call was successful!
Call was successful!
Call was successful!
Call was successful!
Call was successful!
Call was successful!
Call was successful!
Call was successful!
Call was successful!
Call was successful!
Call was successful!
Call was successful!
Call was successful!
Call was successful!
Call was successful!
Call was successful!
Call was successful!
Call was successful!
Call was successful!
Call was successful!
Call was successful!
Call was successful!
Call was successful!
Call was successful!
Call was successful!
Call was successful!
Call was successful!
Call was successful!
Call was successful!
Call was successful!
Call was successful!
Call was successful!
Call was successful!
Call was successful!
Call was successful!
Call was successful!
Call was successful!
Call was successful!
Call was successful!
Call was successful!
Call was successful!
Call was successful!
Call was successful!
Call was successful!
Call was successful!
Call was successful!
Call was successful!
Call was successful!
Call was successful!
Call was successful!
Call was successful!
Call was successful!
Call was successful!
Call was successful!
Call was successful!
Call was successful!
Call was successful!
Call was successful!
Call was successful!
Call was successful!
Call was successful!
Call was successful!
Call was successful!
Call was successful!
Call was successful!
Call was successful!
Call was successful!
Call was successful!
Call was successful!
Call was successful!
Call was successful!
Call was successful!
Call was successful!
Call was successful!
Call was successful!
Call was successful!
Call was successful!
Call was successful!
Call was successful!
Call was successful!
Call was successful!
Call was successful!
Call was successful!
Call was successful!
Call was successful!
Call was successful!
Call was successful!
Call was successful!
Call was successful!
Call was successful!
Call was successful!
Call was successful!
Call was successful!
Call was successful!
Call was successful!
Call was successful!
Call was successful!
Call was successful!
Call was successful!
Call was successful!
Call was successful!
Call was successful!
Call was successful!
Call was successful!
Call was successful!
Call was successful!
Call was successful!
Call was successful!
Call was successful!
Call was successful!
Call was successful!
Call was successful!
Call was successful!
Call was successful!
Call was successful!
Call was successful!
Call was successful!
Call was successful!
Call was successful!
Call was successful!
Call was successful!
Call was successful!
Call was successful!
Call was successful!
Call was successful!
Call was successful!
Call was successful!
Call was successful!
Call was successful!
Call was successful!
Call was successful!
Call was successful!
Call was successful!
Call was successful!
Call was successful!
Call was successful!
Call was successful!
Call was successful!
Call was successful!
Call was successful!
Call was successful!
Call was successful!
Call was successful!
Call was successful!
Call was successful!
Call was successful!
Call was successful!
Call was successful!
Call was successful!
Call was successful!
Call was successful!
Call was successful!
Call was successful!
Call was successful!
Call was successful!
Call was successful!
Call was successful!
Call was successful!
Call was successful!
Call was successful!
Call was successful!
Call was successful!
Call was successful!
Call was successful!
Call was successful!
Call was successful!
Call was successful!
Call was successful!
Call was successful!
Call was successful!
Call was successful!
Call was successful!
Call was successful!
Call was successful!
Call was successful!
Call was successful!
Call was successful!
Call was successful!
Call was successful!
Call was successful!
Call was successful!
Call was successful!
Call was successful!
Call was successful!
Call was successful!
Call was successful!
Call was successful!
Call was successful!
Call was successful!
Call was successful!
Call was successful!
Call was successful!
Call was successful!
Call was successful!
Call was successful!
Call was successful!
Call was successful!
Call was successful!
Call was successful!
Call was successful!
Call was successful!
Call was successful!
Call was successful!
Call was successful!
Call was successful!
Call was successful!
Call was successful!
Call was successful!
Call was successful!
Call was successful!
Call was successful!
Call was successful!
Call was successful!
Call was successful!
Call was successful!
Call was successful!
Call was successful!
Call was successful!
Call was successful!
Call was successful!
Call was successful!
Call was successful!
Call was successful!
Call was successful!
Call was successful!
Call was successful!
Call was successful!
Call was successful!
Call was successful!
Call was successful!
Call was successful!
Call was successful!
Call was successful!
Call was successful!
Call was successful!
Call was successful!
Call was successful!
Call was successful!
Call was successful!
Call was successful!
Call was successful!
Call was successful!
Call was successful!
Call was successful!
Call was successful!
Call was successful!
Call was successful!
Call was successful!
Call was successful!
Call was successful!
Call was successful!
Call was successful!
Call was successful!
Call was successful!
Call was successful!
Call was successful!
Call was successful!
Call was successful!
Call was successful!
Call was successful!
Call was successful!
Call was successful!
Call was successful!
Call was successful!
Call was successful!
Call was successful!
Call was successful!
Call was successful!
Call was successful!
Call was successful!
Call was successful!
Call was successful!
Call was successful!
Call was successful!
Call was successful!
Call was successful!
Call was successful!
Call was successful!
Call was successful!
Call was successful!
Call was successful!
Call was successful!
Call was successful!
Call was successful!
Call was successful!
Call was successful!
Call was successful!
Call was successful!
Call was successful!
Call was successful!
Call was successful!
Call was successful!
Call was successful!
Call was successful!
Call was successful!
Call was successful!
Call was successful!
Call was successful!
Call was successful!
Call was successful!
Call was successful!
Call was successful!
Call was successful!
Call was successful!
Call was successful!
Call was successful!
Call was successful!
Call was successful!
Call was successful!
Call was successful!
Call was successful!
Call was successful!
Call was successful!
Call was successful!
Call was successful!
Call was successful!
Call was successful!
Call was successful!
Call was successful!
Call was successful!
Call was successful!
Call was successful!
Call was successful!
Call was successful!
Call was successful!
Call was successful!
Call was successful!
Call was successful!
Call was successful!
